child process, data to queue: 0
child process, data to queue: 0
parent process, data from queue: 0
parent process, data from queue: 0
table:
0

