Process on level 0 has been created
Process on level 0 finished work 